<html>
<body>
<pre>
<h1>µVision Build Log</h1>
<h2>Tool Versions:</h2>
IDE-Version: µVision V5.33.0.0
Copyright (C) 2020 ARM Ltd and ARM Germany GmbH. All rights reserved.
License Information: Tomás Abreu, Universidade do Minho, LIC=----
 
Tool Versions:
Toolchain:       MDK-Lite  Version: 5.33.0.0
Toolchain Path:  C:\Keil_v5\ARM\ARMCC\Bin
C Compiler:      Armcc.exe V5.06 update 7 (build 960)
Assembler:       Armasm.exe V5.06 update 7 (build 960)
Linker/Locator:  ArmLink.exe V5.06 update 7 (build 960)
Library Manager: ArmAr.exe V5.06 update 7 (build 960)
Hex Converter:   FromElf.exe V5.06 update 7 (build 960)
CPU DLL:         SARMCM3.DLL V5.33.0.0
Dialog DLL:      DCM.DLL V1.17.3.0
Target DLL:      STLink\ST-LINKIII-KEIL_SWO.dll V3.0.8.0
Dialog DLL:      TCM.DLL V1.48.0.0
 
<h2>Project:</h2>
C:\02sem\lpi2\Guia2\guia2\MDK-ARM\guia1.uvprojx
Project File Date:  03/02/2022

<h2>Output:</h2>
*** Using Compiler 'V5.06 update 7 (build 960)', folder: 'C:\Keil_v5\ARM\ARMCC\Bin'
Build target 'guia1'
compiling utils.c...
assembling startup_stm32f767xx.s...
compiling parser.c...
compiling filters.c...
compiling commands.c...
compiling gpio.c...
compiling signals.c...
compiling sampling.c...
compiling interface.c...
compiling main.c...
compiling adc.c...
compiling stm32f7xx_hal_msp.c...
compiling tim.c...
compiling dac.c...
compiling dma.c...
compiling stm32f7xx_it.c...
compiling usart.c...
../Core/Src/usart.c(241): warning:  #177-D: function "up_key_cb"  was declared but never referenced
  static void up_key_cb(void)
../Core/Src/usart.c: 1 warning, 0 errors
compiling stm32f7xx_hal_adc.c...
compiling stm32f7xx_hal_flash_ex.c...
compiling stm32f7xx_hal_gpio.c...
compiling stm32f7xx_hal_dma.c...
compiling stm32f7xx_hal_flash.c...
compiling stm32f7xx_hal_adc_ex.c...
compiling stm32f7xx_hal_rcc_ex.c...
compiling stm32f7xx_hal_rcc.c...
compiling stm32f7xx_hal.c...
compiling stm32f7xx_hal_pwr.c...
compiling stm32f7xx_hal_i2c_ex.c...
compiling stm32f7xx_hal_pwr_ex.c...
compiling stm32f7xx_hal_cortex.c...
compiling stm32f7xx_hal_dma_ex.c...
compiling stm32f7xx_hal_i2c.c...
compiling stm32f7xx_hal_exti.c...
compiling stm32f7xx_hal_dac_ex.c...
compiling stm32f7xx_hal_dac.c...
compiling stm32f7xx_hal_tim_ex.c...
compiling stm32f7xx_hal_uart_ex.c...
compiling stm32f7xx_hal_uart.c...
compiling stm32f7xx_hal_tim.c...
compiling system_stm32f7xx.c...
linking...
Program Size: Code=24780 RO-data=2240 RW-data=80 ZI-data=2760  
FromELF: creating hex file...
"guia1\guia1.axf" - 0 Error(s), 1 Warning(s).

<h2>Software Packages used:</h2>

Package Vendor: ARM
                http://www.keil.com/pack/ARM.CMSIS.5.7.0.pack
                ARM.CMSIS.5.7.0
                CMSIS (Cortex Microcontroller Software Interface Standard)
   * Component: CORE Version: 5.4.0

Package Vendor: Keil
                http://www.keil.com/pack/Keil.STM32F7xx_DFP.2.13.0.pack
                Keil.STM32F7xx_DFP.2.13.0
                STMicroelectronics STM32F7 Series Device Support, Drivers and Examples

<h2>Collection of Component include folders:</h2>
  .\RTE\_guia1
  C:\Users\joset\AppData\Local\Arm\Packs\ARM\CMSIS\5.7.0\CMSIS\Core\Include
  C:\Users\joset\AppData\Local\Arm\Packs\Keil\STM32F7xx_DFP\2.13.0\Drivers\CMSIS\Device\ST\STM32F7xx\Include

<h2>Collection of Component Files used:</h2>

   * Component: ARM::CMSIS:CORE:5.4.0
      Include file:  CMSIS\Core\Include\tz_context.h
Build Time Elapsed:  00:02:23
</pre>
</body>
</html>
